"KeyBindings"
{
	"Name"		"ARROW"
	"Version"		"12"
	"AlgorithmicUpdateVersion"		"6"
	"UseHeroBindings"		"0"
	"LinkPlayerToSpectator"		"1"
	"Keys"
	{
		"CameraUp"
		{
			"Key"		"UPARROW"
		}
		"CameraDown"
		{
			"Key"		"DOWNARROW"
		}
		"CameraLeft"
		{
			"Key"		"LEFTARROW"
		}
		"CameraRight"
		{
			"Key"		"RIGHTARROW"
		}
		"CameraZoomIn"
		{
			"Key"		"MWHEELUP"
		}
		"CameraZoomOut"
		{
			"Key"		"MWHEELDOWN"
		}
		"RecentEvent"
		{
			"Key"		"SPACE"
		}
		"ScoreboardToggle"
		{
			"Key"		"`"
		}
		"ActivateGlyph"
		{
			"Key"		"J"
		}
		"ActivateRadar"
		{
			"Key"		"P"
		}
		"ChatTeam"
		{
			"Key"		"ENTER"
		}
		"ChatTeam2"
		{
			"Key"		"KP_ENTER"
		}
		"ChatVoiceTeam"
		{
			"Key"		"MOUSE3"
			"Mode"		"0"
		}
		"ChatWheel"
		{
			"Key"		"Y"
		}
		"HeroChatWheel"
		{
			"Key"		"K"
		}
		"HeroAttack"
		{
			"Key"		"A"
		}
		"HeroMove"
		{
			"Key"		"M"
		}
		"HeroStop"
		{
			"Key"		"S"
		}
		"HeroHold"
		{
			"Key"		"H"
		}
		"HeroSelect"
		{
			"Key"		"F1"
		}
		"CourierSelect"
		{
			"Key"		"F2"
		}
		"CourierDeliver"
		{
			"Key"		"F3"
		}
		"ControlGroup1"
		{
			"Key"		"1"
		}
		"ControlGroup2"
		{
			"Key"		"2"
		}
		"ControlGroup3"
		{
			"Key"		"3"
		}
		"ControlGroup4"
		{
			"Key"		"4"
		}
		"ControlGroup5"
		{
			"Key"		"5"
		}
		"ControlGroup6"
		{
			"Key"		"6"
		}
		"ControlGroup7"
		{
			"Key"		"7"
		}
		"ControlGroup8"
		{
			"Key"		"8"
		}
		"ControlGroup9"
		{
			"Key"		"9"
		}
		"ControlGroup10"
		{
			"Key"		"0"
		}
		"ControlGroupCycle"
		{
			"Key"		"TAB"
		}
		"AbilityPrimary1"
		{
			"Key"		"Q"
		}
		"AbilityPrimary2"
		{
			"Key"		"W"
		}
		"AbilityPrimary3"
		{
			"Key"		"E"
		}
		"AbilitySecondary1"
		{
			"Key"		"D"
		}
		"AbilitySecondary2"
		{
			"Key"		"F"
		}
		"AbilityUltimate"
		{
			"Key"		"R"
		}
		"LearnAbilities"
		{
			"Key"		"O"
		}
		"LearnStats"
		{
			"Key"		"U"
		}
		"Inventory1"
		{
			"Key"		"Z"
		}
		"Inventory2"
		{
			"Key"		"X"
		}
		"Inventory3"
		{
			"Key"		"C"
		}
		"Inventory4"
		{
			"Key"		"V"
		}
		"Inventory5"
		{
			"Key"		"B"
		}
		"Inventory6"
		{
			"Key"		"N"
		}
		"InventoryTP"
		{
			"Key"		"T"
		}
		"ShopToggle"
		{
			"Key"		"F4"
		}
		"PurchaseQuickbuy"
		{
			"Key"		"F5"
		}
		"PurchaseSticky"
		{
			"Key"		"F8"
		}
		"Console"
		{
			"Key"		"\"
		}
		"Pause"
		{
			"Key"		"F9"
		}
		"ScreenshotSettings"
		{
			"Key"		"F6"
		}
		"Escape"
		{
			"Key"		"ESCAPE"
		}
		"SpectatorCameraUp"
		{
			"Key"		"UPARROW"
			"Modifier"		"None"
			"Mode"		"0"
		}
		"SpectatorCameraDown"
		{
			"Key"		"DOWNARROW"
			"Modifier"		"None"
			"Mode"		"0"
		}
		"SpectatorCameraLeft"
		{
			"Key"		"LEFTARROW"
			"Modifier"		"None"
			"Mode"		"0"
		}
		"SpectatorCameraRight"
		{
			"Key"		"RIGHTARROW"
			"Modifier"		"None"
			"Mode"		"0"
		}
		"SpectatorIncreaseReplaySpeed"
		{
			"Key"		"="
		}
		"SpectatorDecreaseReplaySpeed"
		{
			"Key"		"-"
		}
		"SpectatorChat"
		{
			"Key"		"ENTER"
			"Modifier"		"SHIFT"
			"Mode"		"0"
		}
		"SpectatorCoach_ViewToggle"
		{
			"Key"		"SPACE"
		}
		"SpectatorScoreboard"
		{
			"Key"		"`"
			"Modifier"		"None"
			"Mode"		"0"
		}
		"SpectatorStatsHarvest"
		{
			"Key"		"F4"
		}
		"SpectatorStatsItem"
		{
			"Key"		"F5"
		}
		"SpectatorStatsGold"
		{
			"Key"		"F6"
		}
		"SpectatorStatsXP"
		{
			"Key"		"F7"
		}
		"SpectatorStatsWinChance"
		{
			"Key"		"F8"
		}
		"SpectatorFOWRadient"
		{
			"Key"		"F2"
		}
		"SpectatorFOWDire"
		{
			"Key"		"F3"
		}
		"SpectatorBroadcasterMenu"
		{
			"Key"		"F10"
		}
		"SpectatorDropdown_KDA"
		{
			"Key"		"q"
		}
		"SpectatorDropdown_Lasthits_Denies"
		{
			"Key"		"w"
		}
		"SpectatorDropdown_Level"
		{
			"Key"		"e"
		}
		"SpectatorDropdown_XP_Per_Min"
		{
			"Key"		"r"
		}
		"SpectatorDropdown_Gold"
		{
			"Key"		"t"
		}
		"SpectatorDropdown_NetWorth"
		{
			"Key"		"y"
		}
		"SpectatorDropdown_Fantasy"
		{
			"Key"		"o"
		}
		"SpectatorDropdown_Gold_Per_Min"
		{
			"Key"		"u"
			"PanelParent"		"page2"
		}
		"SpectatorDropdown_Buyback"
		{
			"Key"		"i"
		}
		"SpectatorDropdown_Sort"
		{
			"Key"		"s"
		}
		"SpectatorDropdown_Close"
		{
			"Key"		"a"
		}
		"SpectatorCameraFocusPlayer1"
		{
			"Key"		"1"
		}
		"SpectatorCameraFocusPlayer2"
		{
			"Key"		"2"
		}
		"SpectatorCameraFocusPlayer3"
		{
			"Key"		"3"
		}
		"SpectatorCameraFocusPlayer4"
		{
			"Key"		"4"
		}
		"SpectatorCameraFocusPlayer5"
		{
			"Key"		"5"
		}
		"SpectatorCameraFocusPlayer6"
		{
			"Key"		"6"
		}
		"SpectatorCameraFocusPlayer7"
		{
			"Key"		"7"
		}
		"SpectatorCameraFocusPlayer8"
		{
			"Key"		"8"
		}
		"SpectatorCameraFocusPlayer9"
		{
			"Key"		"9"
		}
		"SpectatorCameraFocusPlayer10"
		{
			"Key"		"0"
		}
		"ShopTabConsumables"
		{
			"Key"		"q"
			"Mode"		"0"
		}
		"ShopTabAttributes"
		{
			"Key"		"w"
			"Mode"		"0"
		}
		"ShopTabArmaments"
		{
			"Key"		"e"
			"Mode"		"0"
		}
		"ShopTabArcane"
		{
			"Key"		"r"
			"Mode"		"0"
		}
		"ShopTabBasics"
		{
			"Key"		"a"
			"Mode"		"0"
		}
		"ShopTabSupport"
		{
			"Key"		"s"
			"Mode"		"0"
		}
		"ShopTabCaster"
		{
			"Key"		"d"
			"Mode"		"0"
		}
		"ShopTabWeapons"
		{
			"Key"		"g"
			"Mode"		"0"
		}
		"ShopTabArmor"
		{
			"Key"		"f"
			"Mode"		"0"
		}
		"ShopTabArtifacts"
		{
			"Key"		"h"
			"Mode"		"0"
		}
		"ShopTabSidePage1"
		{
			"Key"		"z"
			"Mode"		"0"
		}
		"ShopTabSidePage2"
		{
			"Key"		"x"
			"Mode"		"0"
		}
		"ShopTabSecret"
		{
			"Key"		"c"
			"Mode"		"0"
		}
		"ShopTabSearchBox"
		{
			"Key"		"v"
			"Mode"		"0"
		}
		"ShopSlot1"
		{
			"Key"		"1"
			"Mode"		"0"
		}
		"ShopSlot2"
		{
			"Key"		"2"
			"Mode"		"0"
		}
		"ShopSlot3"
		{
			"Key"		"3"
			"Mode"		"0"
		}
		"ShopSlot4"
		{
			"Key"		"4"
			"Mode"		"0"
		}
		"ShopSlot5"
		{
			"Key"		"5"
			"Mode"		"0"
		}
		"ShopSlot6"
		{
			"Key"		"6"
			"Mode"		"0"
		}
		"ShopSlot7"
		{
			"Key"		"7"
			"Mode"		"0"
		}
		"ShopSlot8"
		{
			"Key"		"8"
			"Mode"		"0"
		}
		"ShopSlot9"
		{
			"Key"		"9"
			"Mode"		"0"
		}
		"ShopSlot10"
		{
			"Key"		"0"
			"Mode"		"0"
		}
		"ShopSlot11"
		{
			"Key"		"-"
			"Mode"		"0"
		}
		"ShopSlot12"
		{
			"Key"		"="
			"Mode"		"0"
		}
		"ShopSlot13"
		{
			"Key"		"["
			"Mode"		"0"
		}
		"ShopSlot14"
		{
			"Key"		"]"
			"Mode"		"0"
		}
		"InspectHeroInWorld"
		{
			"Key"		"I"
		}
		"ChatGlobal"
		{
			"Key"		"ENTER"
			"Modifier"		"SHIFT"
			"Mode"		"0"
		}
		"ChatGlobal2"
		{
			"Key"		"KP_ENTER"
			"Modifier"		"SHIFT"
			"Mode"		"0"
		}
		"AbilityPrimary1AutoCast"
		{
			"Key"		"q"
			"Modifier"		"ALT"
			"Mode"		"0"
		}
		"AbilityPrimary2AutoCast"
		{
			"Key"		"w"
			"Modifier"		"ALT"
			"Mode"		"0"
		}
		"AbilityPrimary3AutoCast"
		{
			"Key"		"e"
			"Modifier"		"ALT"
			"Mode"		"0"
		}
		"AbilitySecondary1AutoCast"
		{
			"Key"		"d"
			"Modifier"		"ALT"
			"Mode"		"0"
		}
		"AbilitySecondary2AutoCast"
		{
			"Key"		"f"
			"Modifier"		"ALT"
			"Mode"		"0"
		}
		"AbilityUltimateAutoCast"
		{
			"Key"		"r"
			"Modifier"		"ALT"
			"Mode"		"0"
		}
		"Inventory1AutoCast"
		{
			"Key"		"z"
			"Modifier"		"ALT"
			"Mode"		"0"
		}
		"Inventory2AutoCast"
		{
			"Key"		"x"
			"Modifier"		"ALT"
			"Mode"		"0"
		}
		"Inventory3AutoCast"
		{
			"Key"		"c"
			"Modifier"		"ALT"
			"Mode"		"0"
		}
		"Inventory4AutoCast"
		{
			"Key"		"v"
			"Modifier"		"ALT"
			"Mode"		"0"
		}
		"Inventory5AutoCast"
		{
			"Key"		"b"
			"Modifier"		"ALT"
			"Mode"		"0"
		}
		"Inventory6AutoCast"
		{
			"Key"		"n"
			"Modifier"		"ALT"
			"Mode"		"0"
		}
		"InventoryTPAutoCast"
		{
			"Key"		"t"
			"Modifier"		"ALT"
			"Mode"		"0"
		}
		"SpectatorCameraGrip"
		{
			"Key"		"MOUSE3"
			"Modifier"		"None"
			"Mode"		"0"
		}
		"SpectatorHeroSelect"
		{
			"Key"		"F1"
			"Modifier"		"None"
			"Mode"		"0"
		}
		"SpectatorPause"
		{
			"Key"		"F9"
			"Modifier"		"None"
			"Mode"		"0"
		}
		"ChatVoiceParty"
		{
			"Key"		"MOUSE4"
			"Mode"		"0"
		}
	}
	"PerUnitKeybinds"		"0"
}
